// Jest Snapshot v1, https://goo.gl/fbAQLP

exports[`config/redirects renders all current redirects 1`] = `
[
  {
    "destination": "/app/login",
    "permanent": true,
    "source": "/login/",
  },
]
`;
